This is pdfTeX, Version 3.141592653-2.6-1.40.25 (MiKTeX 24.1) (preloaded format=pdflatex 2025.9.25)  21 NOV 2025 21:01
entering extended mode
 restricted \write18 enabled.
 %&-line parsing enabled.
**./main.tex
(main.tex
LaTeX2e <2023-11-01> patch level 1
L3 programming layer <2024-01-04>
(preamble.tex
(C:\Users\dell\AppData\Local\Programs\MiKTeX\tex/latex/base\report.cls
Document Class: report 2023/05/17 v1.4n Standard LaTeX document class
(C:\Users\dell\AppData\Local\Programs\MiKTeX\tex/latex/base\size12.clo
File: size12.clo 2023/05/17 v1.4n Standard LaTeX file (size option)
)
\c@part=\count187
\c@chapter=\count188
\c@section=\count189
\c@subsection=\count190
\c@subsubsection=\count191
\c@paragraph=\count192
\c@subparagraph=\count193
\c@figure=\count194
\c@table=\count195
\abovecaptionskip=\skip48
\belowcaptionskip=\skip49
\bibindent=\dimen140
)
(C:\Users\dell\AppData\Local\Programs\MiKTeX\tex/latex/pdfpages\pdfpages.sty
Package: pdfpages 2025/07/23 v0.6g Insert pages of external PDF documents (AM)

(C:\Users\dell\AppData\Local\Programs\MiKTeX\tex/latex/base\ifthen.sty
Package: ifthen 2022/04/13 v1.1d Standard LaTeX ifthen package (DPC)
)
(C:\Users\dell\AppData\Local\Programs\MiKTeX\tex/latex/tools\calc.sty
Package: calc 2023/07/08 v4.3 Infix arithmetic (KKT,FJ)
\calc@Acount=\count196
\calc@Bcount=\count197
\calc@Adimen=\dimen141
\calc@Bdimen=\dimen142
\calc@Askip=\skip50
\calc@Bskip=\skip51
LaTeX Info: Redefining \setlength on input line 80.
LaTeX Info: Redefining \addtolength on input line 81.
\calc@Ccount=\count198
\calc@Cskip=\skip52
)
(C:\Users\dell\AppData\Local\Programs\MiKTeX\tex/latex/eso-pic\eso-pic.sty
Package: eso-pic 2023/05/03 v3.0c eso-pic (RN)
\ESO@tempdima=\dimen143
\ESO@tempdimb=\dimen144

(C:\Users\dell\AppData\Local\Programs\MiKTeX\tex/latex/graphics\keyval.sty
Package: keyval 2022/05/29 v1.15 key=value parser (DPC)
\KV@toks@=\toks17
)
(C:\Users\dell\AppData\Local\Programs\MiKTeX\tex/latex/xcolor\xcolor.sty
Package: xcolor 2023/11/15 v3.01 LaTeX color extensions (UK)

(C:\Users\dell\AppData\Local\Programs\MiKTeX\tex/latex/graphics-cfg\color.cfg
File: color.cfg 2016/01/02 v1.6 sample color configuration
)
Package xcolor Info: Driver file: pdftex.def on input line 274.

(C:\Users\dell\AppData\Local\Programs\MiKTeX\tex/latex/graphics-def\pdftex.def
File: pdftex.def 2022/09/22 v1.2b Graphics/color driver for pdftex
) (C:\Users\dell\AppData\Local\Programs\MiKTeX\tex/latex/graphics\mathcolor.ltx
)
Package xcolor Info: Model `cmy' substituted by `cmy0' on input line 1350.
Package xcolor Info: Model `hsb' substituted by `rgb' on input line 1354.
Package xcolor Info: Model `RGB' extended on input line 1366.
Package xcolor Info: Model `HTML' substituted by `rgb' on input line 1368.
Package xcolor Info: Model `Hsb' substituted by `hsb' on input line 1369.
Package xcolor Info: Model `tHsb' substituted by `hsb' on input line 1370.
Package xcolor Info: Model `HSB' substituted by `hsb' on input line 1371.
Package xcolor Info: Model `Gray' substituted by `gray' on input line 1372.
Package xcolor Info: Model `wave' substituted by `hsb' on input line 1373.
)) (C:\Users\dell\AppData\Local\Programs\MiKTeX\tex/latex/etoolbox\etoolbox.sty
Package: etoolbox 2020/10/05 v2.5k e-TeX tools for LaTeX (JAW)
\etb@tempcnta=\count199
) (C:\Users\dell\AppData\Local\Programs\MiKTeX\tex/latex/graphics\graphicx.sty
Package: graphicx 2021/09/16 v1.2d Enhanced LaTeX Graphics (DPC,SPQR)

(C:\Users\dell\AppData\Local\Programs\MiKTeX\tex/latex/graphics\graphics.sty
Package: graphics 2022/03/10 v1.4e Standard LaTeX Graphics (DPC,SPQR)

(C:\Users\dell\AppData\Local\Programs\MiKTeX\tex/latex/graphics\trig.sty
Package: trig 2021/08/11 v1.11 sin cos tan (DPC)
)
(C:\Users\dell\AppData\Local\Programs\MiKTeX\tex/latex/graphics-cfg\graphics.cf
g
File: graphics.cfg 2016/06/04 v1.11 sample graphics configuration
)
Package graphics Info: Driver file: pdftex.def on input line 107.
)
\Gin@req@height=\dimen145
\Gin@req@width=\dimen146
)
\AM@pagewidth=\dimen147
\AM@pageheight=\dimen148
\AM@fboxrule=\dimen149

(C:\Users\dell\AppData\Local\Programs\MiKTeX\tex/latex/pdfpages\pppdftex.def
File: pppdftex.def 2025/07/23 v0.6g Pdfpages driver for pdfTeX (AM)
)
\pdfpages@includegraphics@status=\count266
\AM@pagebox=\box51
\AM@global@opts=\toks18
\AM@pagecnt=\count267
\AM@toc@title=\toks19
\AM@lof@heading=\toks20
\c@AM@survey=\count268
\AM@templatesizebox=\box52
)
(C:\Users\dell\AppData\Local\Programs\MiKTeX\tex/latex/caption\caption.sty
Package: caption 2023/08/05 v3.6o Customizing captions (AR)

(C:\Users\dell\AppData\Local\Programs\MiKTeX\tex/latex/caption\caption3.sty
Package: caption3 2023/07/31 v2.4d caption3 kernel (AR)
\caption@tempdima=\dimen150
\captionmargin=\dimen151
\caption@leftmargin=\dimen152
\caption@rightmargin=\dimen153
\caption@width=\dimen154
\caption@indent=\dimen155
\caption@parindent=\dimen156
\caption@hangindent=\dimen157
Package caption Info: Standard document class detected.
)
\c@caption@flags=\count269
\c@continuedfloat=\count270
)
(C:\Users\dell\AppData\Local\Programs\MiKTeX\tex/latex/float\float.sty
Package: float 2001/11/08 v1.3d Float enhancements (AL)
\c@float@type=\count271
\float@exts=\toks21
\float@box=\box53
\@float@everytoks=\toks22
\@floatcapt=\box54
)
(C:\Users\dell\AppData\Local\Programs\MiKTeX\tex/latex/apacite\apacite.sty
Package: apacite 2013/07/21 v6.03 APA citation
\c@BibCnt=\count272
\bibleftmargin=\skip53
\bibindent=\skip54
\bibparsep=\skip55
\bibitemsep=\skip56
\biblabelsep=\skip57
)
(C:\Users\dell\AppData\Local\Programs\MiKTeX\tex/latex/natbib\natbib.sty
Package: natbib 2010/09/13 8.31b (PWD, AO)
\bibhang=\skip58
\bibsep=\skip59
LaTeX Info: Redefining \cite on input line 694.
\c@NAT@ctr=\count273
)
LaTeX Info: Redefining \BBA on input line 17.

(C:\Users\dell\AppData\Local\Programs\MiKTeX\tex/latex/hyperref\hyperref.sty
Package: hyperref 2023-11-26 v7.01g Hypertext links for LaTeX

(C:\Users\dell\AppData\Local\Programs\MiKTeX\tex/generic/iftex\iftex.sty
Package: iftex 2022/02/03 v1.0f TeX engine tests
)
(C:\Users\dell\AppData\Local\Programs\MiKTeX\tex/generic/infwarerr\infwarerr.st
y
Package: infwarerr 2019/12/03 v1.5 Providing info/warning/error messages (HO)
)
(C:\Users\dell\AppData\Local\Programs\MiKTeX\tex/latex/kvsetkeys\kvsetkeys.sty
Package: kvsetkeys 2022-10-05 v1.19 Key value parser (HO)
)
(C:\Users\dell\AppData\Local\Programs\MiKTeX\tex/generic/kvdefinekeys\kvdefinek
eys.sty
Package: kvdefinekeys 2019-12-19 v1.6 Define keys (HO)
)
(C:\Users\dell\AppData\Local\Programs\MiKTeX\tex/generic/pdfescape\pdfescape.st
y
Package: pdfescape 2019/12/09 v1.15 Implements pdfTeX's escape features (HO)
 (C:\Users\dell\AppData\Local\Programs\MiKTeX\tex/generic/ltxcmds\ltxcmds.sty
Package: ltxcmds 2023-12-04 v1.26 LaTeX kernel commands for general use (HO)
)
(C:\Users\dell\AppData\Local\Programs\MiKTeX\tex/generic/pdftexcmds\pdftexcmds.
sty
Package: pdftexcmds 2020-06-27 v0.33 Utility functions of pdfTeX for LuaTeX (HO
)
Package pdftexcmds Info: \pdf@primitive is available.
Package pdftexcmds Info: \pdf@ifprimitive is available.
Package pdftexcmds Info: \pdfdraftmode found.
))
(C:\Users\dell\AppData\Local\Programs\MiKTeX\tex/latex/hycolor\hycolor.sty
Package: hycolor 2020-01-27 v1.10 Color options for hyperref/bookmark (HO)
)
(C:\Users\dell\AppData\Local\Programs\MiKTeX\tex/latex/letltxmacro\letltxmacro.
sty
Package: letltxmacro 2019/12/03 v1.6 Let assignment for LaTeX macros (HO)
) (C:\Users\dell\AppData\Local\Programs\MiKTeX\tex/latex/auxhook\auxhook.sty
Package: auxhook 2019-12-17 v1.6 Hooks for auxiliary files (HO)
) (C:\Users\dell\AppData\Local\Programs\MiKTeX\tex/latex/hyperref\nameref.sty
Package: nameref 2023-11-26 v2.56 Cross-referencing by name of section

(C:\Users\dell\AppData\Local\Programs\MiKTeX\tex/latex/refcount\refcount.sty
Package: refcount 2019/12/15 v3.6 Data extraction from label references (HO)
)
(C:\Users\dell\AppData\Local\Programs\MiKTeX\tex/generic/gettitlestring\gettitl
estring.sty
Package: gettitlestring 2019/12/15 v1.6 Cleanup title references (HO)

(C:\Users\dell\AppData\Local\Programs\MiKTeX\tex/latex/kvoptions\kvoptions.sty
Package: kvoptions 2022-06-15 v3.15 Key value format for package options (HO)
))
\c@section@level=\count274
)
\@linkdim=\dimen158
\Hy@linkcounter=\count275
\Hy@pagecounter=\count276
 (C:\Users\dell\AppData\Local\Programs\MiKTeX\tex/latex/hyperref\pd1enc.def
File: pd1enc.def 2023-11-26 v7.01g Hyperref: PDFDocEncoding definition (HO)
Now handling font encoding PD1 ...
... no UTF-8 mapping file for font encoding PD1
)
(C:\Users\dell\AppData\Local\Programs\MiKTeX\tex/generic/intcalc\intcalc.sty
Package: intcalc 2019/12/15 v1.3 Expandable calculations with integers (HO)
)
\Hy@SavedSpaceFactor=\count277

(C:\Users\dell\AppData\Local\Programs\MiKTeX\tex/latex/hyperref\puenc.def
File: puenc.def 2023-11-26 v7.01g Hyperref: PDF Unicode definition (HO)
Now handling font encoding PU ...
... no UTF-8 mapping file for font encoding PU
)
Package hyperref Info: Hyper figures OFF on input line 4181.
Package hyperref Info: Link nesting OFF on input line 4186.
Package hyperref Info: Hyper index ON on input line 4189.
Package hyperref Info: Plain pages OFF on input line 4196.
Package hyperref Info: Backreferencing OFF on input line 4201.
Package hyperref Info: Implicit mode ON; LaTeX internals redefined.
Package hyperref Info: Bookmarks ON on input line 4448.
\c@Hy@tempcnt=\count278

(C:\Users\dell\AppData\Local\Programs\MiKTeX\tex/latex/url\url.sty
\Urlmuskip=\muskip16
Package: url 2013/09/16  ver 3.4  Verb mode for urls, etc.
)
LaTeX Info: Redefining \url on input line 4786.
\XeTeXLinkMargin=\dimen159

(C:\Users\dell\AppData\Local\Programs\MiKTeX\tex/generic/bitset\bitset.sty
Package: bitset 2019/12/09 v1.3 Handle bit-vector datatype (HO)

(C:\Users\dell\AppData\Local\Programs\MiKTeX\tex/generic/bigintcalc\bigintcalc.
sty
Package: bigintcalc 2019/12/15 v1.5 Expandable calculations on big integers (HO
)
))
\Fld@menulength=\count279
\Field@Width=\dimen160
\Fld@charsize=\dimen161
Package hyperref Info: Hyper figures OFF on input line 6065.
Package hyperref Info: Link nesting OFF on input line 6070.
Package hyperref Info: Hyper index ON on input line 6073.
Package hyperref Info: backreferencing OFF on input line 6080.
Package hyperref Info: Link coloring OFF on input line 6085.
Package hyperref Info: Link coloring with OCG OFF on input line 6090.
Package hyperref Info: PDF/A mode OFF on input line 6095.

(C:\Users\dell\AppData\Local\Programs\MiKTeX\tex/latex/base\atbegshi-ltx.sty
Package: atbegshi-ltx 2021/01/10 v1.0c Emulation of the original atbegshi
package with kernel methods
)
\Hy@abspage=\count280
\c@Item=\count281
\c@Hfootnote=\count282
)
Package hyperref Info: Driver (autodetected): hpdftex.

(C:\Users\dell\AppData\Local\Programs\MiKTeX\tex/latex/hyperref\hpdftex.def
File: hpdftex.def 2023-11-26 v7.01g Hyperref driver for pdfTeX

(C:\Users\dell\AppData\Local\Programs\MiKTeX\tex/latex/base\atveryend-ltx.sty
Package: atveryend-ltx 2020/08/19 v1.0a Emulation of the original atveryend pac
kage
with kernel methods
)
\Fld@listcount=\count283
\c@bookmark@seq@number=\count284

(C:\Users\dell\AppData\Local\Programs\MiKTeX\tex/latex/rerunfilecheck\rerunfile
check.sty
Package: rerunfilecheck 2025-06-21 v1.11 Rerun checks for auxiliary files (HO)

(C:\Users\dell\AppData\Local\Programs\MiKTeX\tex/generic/uniquecounter\uniqueco
unter.sty
Package: uniquecounter 2019/12/15 v1.4 Provide unlimited unique counter (HO)
)
Package uniquecounter Info: New unique counter `rerunfilecheck' on input line 2
84.
)
\Hy@SectionHShift=\skip60
)
(C:\Users\dell\AppData\Local\Programs\MiKTeX\tex/latex/amsmath\amsmath.sty
Package: amsmath 2023/05/13 v2.17o AMS math features
\@mathmargin=\skip61

For additional information on amsmath, use the `?' option.
(C:\Users\dell\AppData\Local\Programs\MiKTeX\tex/latex/amsmath\amstext.sty
Package: amstext 2021/08/26 v2.01 AMS text

(C:\Users\dell\AppData\Local\Programs\MiKTeX\tex/latex/amsmath\amsgen.sty
File: amsgen.sty 1999/11/30 v2.0 generic functions
\@emptytoks=\toks23
\ex@=\dimen162
))
(C:\Users\dell\AppData\Local\Programs\MiKTeX\tex/latex/amsmath\amsbsy.sty
Package: amsbsy 1999/11/29 v1.2d Bold Symbols
\pmbraise@=\dimen163
)
(C:\Users\dell\AppData\Local\Programs\MiKTeX\tex/latex/amsmath\amsopn.sty
Package: amsopn 2022/04/08 v2.04 operator names
)
\inf@bad=\count285
LaTeX Info: Redefining \frac on input line 234.
\uproot@=\count286
\leftroot@=\count287
LaTeX Info: Redefining \overline on input line 399.
LaTeX Info: Redefining \colon on input line 410.
\classnum@=\count288
\DOTSCASE@=\count289
LaTeX Info: Redefining \ldots on input line 496.
LaTeX Info: Redefining \dots on input line 499.
LaTeX Info: Redefining \cdots on input line 620.
\Mathstrutbox@=\box55
\strutbox@=\box56
LaTeX Info: Redefining \big on input line 722.
LaTeX Info: Redefining \Big on input line 723.
LaTeX Info: Redefining \bigg on input line 724.
LaTeX Info: Redefining \Bigg on input line 725.
\big@size=\dimen164
LaTeX Font Info:    Redeclaring font encoding OML on input line 743.
LaTeX Font Info:    Redeclaring font encoding OMS on input line 744.
\macc@depth=\count290
LaTeX Info: Redefining \bmod on input line 905.
LaTeX Info: Redefining \pmod on input line 910.
LaTeX Info: Redefining \smash on input line 940.
LaTeX Info: Redefining \relbar on input line 970.
LaTeX Info: Redefining \Relbar on input line 971.
\c@MaxMatrixCols=\count291
\dotsspace@=\muskip17
\c@parentequation=\count292
\dspbrk@lvl=\count293
\tag@help=\toks24
\row@=\count294
\column@=\count295
\maxfields@=\count296
\andhelp@=\toks25
\eqnshift@=\dimen165
\alignsep@=\dimen166
\tagshift@=\dimen167
\tagwidth@=\dimen168
\totwidth@=\dimen169
\lineht@=\dimen170
\@envbody=\toks26
\multlinegap=\skip62
\multlinetaggap=\skip63
\mathdisplay@stack=\toks27
LaTeX Info: Redefining \[ on input line 2953.
LaTeX Info: Redefining \] on input line 2954.
)
(C:\Users\dell\AppData\Local\Programs\MiKTeX\tex/latex/amsfonts\amsfonts.sty
Package: amsfonts 2013/01/14 v3.01 Basic AMSFonts support
\symAMSa=\mathgroup4
\symAMSb=\mathgroup5
LaTeX Font Info:    Redeclaring math symbol \hbar on input line 98.
LaTeX Font Info:    Overwriting math alphabet `\mathfrak' in version `bold'
(Font)                  U/euf/m/n --> U/euf/b/n on input line 106.
)
(C:\Users\dell\AppData\Local\Programs\MiKTeX\tex/latex/amsfonts\amssymb.sty
Package: amssymb 2013/01/14 v3.01 AMS font symbols
)
(C:\Users\dell\AppData\Local\Programs\MiKTeX\tex/latex/tools\verbatim.sty
Package: verbatim 2023-11-06 v1.5v LaTeX2e package for verbatim enhancements
\every@verbatim=\toks28
\verbatim@line=\toks29
\verbatim@in@stream=\read2
)
(C:\Users\dell\AppData\Local\Programs\MiKTeX\tex/latex/adjustbox\adjustbox.sty
Package: adjustbox 2025/02/26 v1.3c Adjusting TeX boxes (trim, clip, ...)

(C:\Users\dell\AppData\Local\Programs\MiKTeX\tex/latex/xkeyval\xkeyval.sty
Package: xkeyval 2022/06/16 v2.9 package option processing (HA)

(C:\Users\dell\AppData\Local\Programs\MiKTeX\tex/generic/xkeyval\xkeyval.tex
(C:\Users\dell\AppData\Local\Programs\MiKTeX\tex/generic/xkeyval\xkvutils.tex
\XKV@toks=\toks30
\XKV@tempa@toks=\toks31
)
\XKV@depth=\count297
File: xkeyval.tex 2014/12/03 v2.7a key=value parser (HA)
)) (C:\Users\dell\AppData\Local\Programs\MiKTeX\tex/latex/adjustbox\adjcalc.sty
Package: adjcalc 2012/05/16 v1.1 Provides advanced setlength with multiple back
-ends (calc, etex, pgfmath)
) (C:\Users\dell\AppData\Local\Programs\MiKTeX\tex/latex/adjustbox\trimclip.sty
Package: trimclip 2025/02/21 v1.2a Trim and clip general TeX material

(C:\Users\dell\AppData\Local\Programs\MiKTeX\tex/latex/collectbox\collectbox.st
y
Package: collectbox 2022/10/17 v0.4c Collect macro arguments as boxes
\collectedbox=\box57
)
\tc@llx=\dimen171
\tc@lly=\dimen172
\tc@urx=\dimen173
\tc@ury=\dimen174
Package trimclip Info: Using driver 'tc-pdftex.def'.

(C:\Users\dell\AppData\Local\Programs\MiKTeX\tex/latex/adjustbox\tc-pdftex.def
File: tc-pdftex.def 2025/02/26 v2.3 Clipping driver for pdftex
))
\adjbox@Width=\dimen175
\adjbox@Height=\dimen176
\adjbox@Depth=\dimen177
\adjbox@Totalheight=\dimen178
\adjbox@pwidth=\dimen179
\adjbox@pheight=\dimen180
\adjbox@pdepth=\dimen181
\adjbox@ptotalheight=\dimen182

(C:\Users\dell\AppData\Local\Programs\MiKTeX\tex/latex/ifoddpage\ifoddpage.sty
Package: ifoddpage 2022/10/18 v1.2 Conditionals for odd/even page detection
\c@checkoddpage=\count298
) (C:\Users\dell\AppData\Local\Programs\MiKTeX\tex/latex/varwidth\varwidth.sty
Package: varwidth 2009/03/30 ver 0.92;  Variable-width minipages
\@vwid@box=\box58
\sift@deathcycles=\count299
\@vwid@loff=\dimen183
\@vwid@roff=\dimen184
)) (C:\Users\dell\AppData\Local\Programs\MiKTeX\tex/latex/setspace\setspace.sty
Package: setspace 2022/12/04 v6.7b set line spacing
))
(C:\Users\dell\AppData\Local\Programs\MiKTeX\tex/latex/l3backend\l3backend-pdft
ex.def
File: l3backend-pdftex.def 2024-01-04 L3 backend support: PDF output (pdfTeX)
\l__color_backend_stack_int=\count300
\l__pdf_internal_box=\box59
)

LaTeX Warning: Unused global option(s):
    [onepage].

(main.aux (title_page.aux) (chapter_1.aux) (chapter_2.aux) (chapter_3.aux))
\openout1 = `main.aux'.

LaTeX Font Info:    Checking defaults for OML/cmm/m/it on input line 6.
LaTeX Font Info:    ... okay on input line 6.
LaTeX Font Info:    Checking defaults for OMS/cmsy/m/n on input line 6.
LaTeX Font Info:    ... okay on input line 6.
LaTeX Font Info:    Checking defaults for OT1/cmr/m/n on input line 6.
LaTeX Font Info:    ... okay on input line 6.
LaTeX Font Info:    Checking defaults for T1/cmr/m/n on input line 6.
LaTeX Font Info:    ... okay on input line 6.
LaTeX Font Info:    Checking defaults for TS1/cmr/m/n on input line 6.
LaTeX Font Info:    ... okay on input line 6.
LaTeX Font Info:    Checking defaults for OMX/cmex/m/n on input line 6.
LaTeX Font Info:    ... okay on input line 6.
LaTeX Font Info:    Checking defaults for U/cmr/m/n on input line 6.
LaTeX Font Info:    ... okay on input line 6.
LaTeX Font Info:    Checking defaults for PD1/pdf/m/n on input line 6.
LaTeX Font Info:    ... okay on input line 6.
LaTeX Font Info:    Checking defaults for PU/pdf/m/n on input line 6.
LaTeX Font Info:    ... okay on input line 6.

(C:\Users\dell\AppData\Local\Programs\MiKTeX\tex/context/base/mkii\supp-pdf.mki
i
[Loading MPS to PDF converter (version 2006.09.02).]
\scratchcounter=\count301
\scratchdimen=\dimen185
\scratchbox=\box60
\nofMPsegments=\count302
\nofMParguments=\count303
\everyMPshowfont=\toks32
\MPscratchCnt=\count304
\MPscratchDim=\dimen186
\MPnumerator=\count305
\makeMPintoPDFobject=\count306
\everyMPtoPDFconversion=\toks33
)
(C:\Users\dell\AppData\Local\Programs\MiKTeX\tex/latex/epstopdf-pkg\epstopdf-ba
se.sty
Package: epstopdf-base 2020-01-24 v2.11 Base part for package epstopdf
Package epstopdf-base Info: Redefining graphics rule for `.eps' on input line 4
85.

(C:\Users\dell\AppData\Local\Programs\MiKTeX\tex/latex/00miktex\epstopdf-sys.cf
g
File: epstopdf-sys.cfg 2021/03/18 v2.0 Configuration of epstopdf for MiKTeX
))
(C:\Users\dell\AppData\Local\Programs\MiKTeX\tex/latex/pdflscape\pdflscape.sty
Package: pdflscape 2022-10-27 v0.13 Display of landscape pages in PDF

(C:\Users\dell\AppData\Local\Programs\MiKTeX\tex/latex/pdflscape\pdflscape-nome
tadata.sty
Package: pdflscape-nometadata 2022-10-28 v0.13 Display of landscape pages in PD
F (HO)

(C:\Users\dell\AppData\Local\Programs\MiKTeX\tex/latex/graphics\lscape.sty
Package: lscape 2020/05/28 v3.02 Landscape Pages (DPC)
)
Package pdflscape Info: Auto-detected driver: pdftex on input line 81.
))
Package caption Info: Begin \AtBeginDocument code.
Package caption Info: float package is loaded.
Package caption Info: hyperref package is loaded.
Package caption Info: End \AtBeginDocument code.
\c@maskedRefs=\count307

(C:\Users\dell\AppData\Local\Programs\MiKTeX\tex/latex/apacite\english.apc
File: english.apc 2013/07/21 v6.03 apacite language file
LaTeX Info: Redefining \BPBI on input line 129.
LaTeX Info: Redefining \BHBI on input line 130.
)
Package hyperref Info: Link coloring OFF on input line 6.

(main.out) (main.out)
\@outlinefile=\write3
\openout3 = `main.out'.

\openout2 = `title_page.aux'.

 (title_page.tex [1


{C:/Users/dell/AppData/Local/MiKTeX/fonts/map/pdftex/pdftex.map}]) (main.toc
LaTeX Font Info:    Trying to load font information for U+msa on input line 2.

(C:\Users\dell\AppData\Local\Programs\MiKTeX\tex/latex/amsfonts\umsa.fd
File: umsa.fd 2013/01/14 v3.01 AMS symbols A
)
LaTeX Font Info:    Trying to load font information for U+msb on input line 2.

(C:\Users\dell\AppData\Local\Programs\MiKTeX\tex/latex/amsfonts\umsb.fd
File: umsb.fd 2013/01/14 v3.01 AMS symbols B
)
[2



])
\tf@toc=\write4
\openout4 = `main.toc'.

 [3] (main.lof)
\tf@lof=\write5
\openout5 = `main.lof'.

 [4

] (main.lot)
\tf@lot=\write6
\openout6 = `main.lot'.

 [5

] [6]
\openout2 = `chapter_1.aux'.

 (chapter_1.tex
Chapter 1.

pdfTeX warning (ext4): destination with the same identifier (name{page.1}) has 
been already used, duplicate ignored
<to be read again> 
                   \relax 
l.8 
     [1


] [2] [3] [4] [5] [6] [7] [8] [9]) [10]
\openout2 = `chapter_2.aux'.

 (chapter_2.tex
Chapter 2.
[11




] [12] [13] [14] [15]
Underfull \hbox (badness 10000) in paragraph at lines 50--50
[]\OT1/cmr/bx/n/12 Fees
 []


Underfull \hbox (badness 10000) in paragraph at lines 50--50
\OT1/cmr/bx/n/12 To
 []


Underfull \hbox (badness 10000) in paragraph at lines 50--50
\OT1/cmr/bx/n/12 Be
 []


Overfull \hbox (1.05243pt too wide) in paragraph at lines 50--50
\OT1/cmr/bx/n/12 Paid| 
 []


Overfull \hbox (8.79831pt too wide) in paragraph at lines 50--50
[]\OT1/cmr/bx/n/12 Processing| 
 []


Underfull \hbox (badness 10000) in paragraph at lines 50--51
[]\OT1/cmr/bx/n/12 Person Re-
 []


Underfull \hbox (badness 10000) in paragraph at lines 52--53
[]\OT1/cmr/m/n/12 1. Sub-mit
 []


Underfull \hbox (badness 10000) in paragraph at lines 52--53
\OT1/cmr/m/n/12 In-ven-tion Dis-
 []


Underfull \hbox (badness 10000) in paragraph at lines 52--53
\OT1/cmr/m/n/12 clo-sure Form
 []


Underfull \hbox (badness 10000) in paragraph at lines 52--53
\OT1/cmr/m/n/12 and Com-mit-
 []


Overfull \hbox (0.82576pt too wide) in paragraph at lines 54--55
[]\OT1/cmr/m/n/12 None| 
 []


Underfull \hbox (badness 1852) in paragraph at lines 56--57
[]\OT1/cmr/m/n/12 Ma. Cristina T.
 []


Overfull \hbox (0.82576pt too wide) in paragraph at lines 59--60
[]\OT1/cmr/m/n/12 None| 
 []


Overfull \hbox (0.82576pt too wide) in paragraph at lines 64--65
[]\OT1/cmr/m/n/12 None| 
 []


Underfull \hbox (badness 1810) in paragraph at lines 68--69
\OT1/cmr/m/n/12 ma-tion on rec-
 []


Underfull \hbox (badness 1735) in paragraph at lines 68--69
\OT1/cmr/m/n/12 om-mended IPR
 []


Overfull \hbox (0.82576pt too wide) in paragraph at lines 70--71
[]\OT1/cmr/m/n/12 None| 
 []


Overfull \hbox (0.82576pt too wide) in paragraph at lines 76--77
[]\OT1/cmr/m/n/12 None| 
 []


Overfull \hbox (0.82576pt too wide) in paragraph at lines 81--82
[]\OT1/cmr/m/n/12 None| 
 []


Underfull \hbox (badness 1852) in paragraph at lines 83--84
[]\OT1/cmr/m/n/12 Ma. Cristina T.
 []


Overfull \hbox (0.82576pt too wide) in paragraph at lines 86--87
[]\OT1/cmr/m/n/12 None| 
 []


Overfull \hbox (42.70247pt too wide) in paragraph at lines 48--93
 [][] 
 []

[16]
<figures/flowchart_general.png, id=378, 1975.38pt x 1735.23282pt>
File: figures/flowchart_general.png Graphic file (type png)
<use figures/flowchart_general.png>
Package pdftex.def Info: figures/flowchart_general.png  used on input line 100.

(pdftex.def)             Requested size: 355.55305pt x 312.32843pt.
 [17]
<figures/flowchart_copyright.png, id=383, 676.02562pt x 1590.69281pt>
File: figures/flowchart_copyright.png Graphic file (type png)
<use figures/flowchart_copyright.png>
Package pdftex.def Info: figures/flowchart_copyright.png  used on input line 10
7.
(pdftex.def)             Requested size: 236.6125pt x 556.75084pt.
 [18 <./figures/flowchart_general.png (PNG copy)>] [19 <./figures/flowchart_cop
yright.png (PNG copy)>] [20] [21] [22]
Overfull \hbox (11.80922pt too wide) in paragraph at lines 139--139
[]\OT1/cmr/bx/n/17.28 Comparative Ana-lysis of IP Man-age-ment Sys-
 []

[23]
Underfull \hbox (badness 10000) in paragraph at lines 158--158
[]\OT1/cmr/bx/n/12 International
 []


Underfull \hbox (badness 10000) in paragraph at lines 160--161
[]\OT1/cmr/m/n/12 Submission
 []


Underfull \hbox (badness 10000) in paragraph at lines 162--163
[]\OT1/cmr/m/n/12 UP Dil-i-man:
 []


Underfull \hbox (badness 10000) in paragraph at lines 162--163
\OT1/cmr/m/n/12 web-site; UP
 []


Underfull \hbox (badness 10000) in paragraph at lines 162--163
\OT1/cmr/m/n/12 Min-danao:
 []


Underfull \hbox (badness 10000) in paragraph at lines 162--163
\OT1/cmr/m/n/12 Google Forms;
 []


Underfull \hbox (badness 1577) in paragraph at lines 162--163
\OT1/cmr/m/n/12 DLSU: phys-i-cal;
 []


Underfull \hbox (badness 10000) in paragraph at lines 162--163
\OT1/cmr/m/n/12 PUP: Google
 []


Overfull \hbox (30.2659pt too wide) in paragraph at lines 163--164
[]\OT1/cmr/m/n/12 MIT/Stanford/Oxford:
 []


Underfull \hbox (badness 10000) in paragraph at lines 164--165
[]\OT1/cmr/m/n/12 UPV TTBDO
 []


Underfull \hbox (badness 1565) in paragraph at lines 164--165
\OT1/cmr/m/n/12 lacks an of-fi-cial
 []


Underfull \hbox (badness 1173) in paragraph at lines 164--165
\OT1/cmr/m/n/12 sub-mis-sion plat-
 []


Underfull \hbox (badness 10000) in paragraph at lines 166--167
[]\OT1/cmr/m/n/12 Workflow &
 []


Underfull \hbox (badness 10000) in paragraph at lines 167--168
[]\OT1/cmr/m/n/12 Manual via
 []


Underfull \hbox (badness 7273) in paragraph at lines 168--169
[]\OT1/cmr/m/n/12 Mostly man-ual;
 []


Underfull \hbox (badness 10000) in paragraph at lines 168--169
\OT1/cmr/m/n/12 par-tial struc-
 []


Underfull \hbox (badness 4353) in paragraph at lines 170--171
[]\OT1/cmr/m/n/12 Need for au-to-
 []


Underfull \hbox (badness 10000) in paragraph at lines 170--171
\OT1/cmr/m/n/12 mated track-ing
 []


Underfull \hbox (badness 10000) in paragraph at lines 170--171
\OT1/cmr/m/n/12 and pro-cess
 []


Underfull \hbox (badness 10000) in paragraph at lines 172--173
[]\OT1/cmr/m/n/12 Data Man-
 []


Underfull \hbox (badness 1048) in paragraph at lines 173--174
\OT1/cmr/m/n/12 cal and Google
 []


Underfull \hbox (badness 4229) in paragraph at lines 174--175
\OT1/cmr/m/n/12 ized (some use
 []


Underfull \hbox (badness 10000) in paragraph at lines 175--176
[]\OT1/cmr/m/n/12 Centralized
 []


Underfull \hbox (badness 7981) in paragraph at lines 175--176
\OT1/cmr/m/n/12 databases man-
 []


Underfull \hbox (badness 10000) in paragraph at lines 176--177
[]\OT1/cmr/m/n/12 Need for in-te-
 []


Underfull \hbox (badness 3724) in paragraph at lines 176--177
\OT1/cmr/m/n/12 grated database
 []


Underfull \hbox (badness 4940) in paragraph at lines 176--177
\OT1/cmr/m/n/12 to en-sure data
 []


Underfull \hbox (badness 10000) in paragraph at lines 178--179
[]\OT1/cmr/m/n/12 Notifications
 []


Underfull \hbox (badness 10000) in paragraph at lines 181--182
[]\OT1/cmr/m/n/12 Built-in re-
 []


Underfull \hbox (badness 4181) in paragraph at lines 182--183
\OT1/cmr/m/n/12 no-ti-fi-ca-tion sys-
 []


Underfull \hbox (badness 10000) in paragraph at lines 184--185
[]\OT1/cmr/m/n/12 Staffing
 []


Underfull \hbox (badness 4303) in paragraph at lines 185--186
[]\OT1/cmr/m/n/12 One IP of-fi-cer
 []


Underfull \hbox (badness 10000) in paragraph at lines 185--186
\OT1/cmr/m/n/12 han-dles most
 []


Underfull \hbox (badness 2277) in paragraph at lines 186--187
[]\OT1/cmr/m/n/12 Small teams or
 []


Underfull \hbox (badness 3009) in paragraph at lines 187--188
\OT1/cmr/m/n/12 ing of-fi-cers, le-
 []


Underfull \hbox (badness 10000) in paragraph at lines 188--189
[]\OT1/cmr/m/n/12 Need for role-
 []


Underfull \hbox (badness 10000) in paragraph at lines 188--189
\OT1/cmr/m/n/12 based ac-cess
 []


Underfull \hbox (badness 10000) in paragraph at lines 188--189
\OT1/cmr/m/n/12 and dis-tributed
 []


Overfull \hbox (24.82545pt too wide) in paragraph at lines 190--191
[]\OT1/cmr/m/n/12 Commercialization
 []


Underfull \hbox (badness 10000) in paragraph at lines 192--193
[]\OT1/cmr/m/n/12 DLSU has in-
 []


Underfull \hbox (badness 3302) in paragraph at lines 192--193
\OT1/cmr/m/n/12 cu-ba-tor (An-imo
 []


Underfull \hbox (badness 10000) in paragraph at lines 193--194
[]\OT1/cmr/m/n/12 Extensive
 []


Underfull \hbox (badness 10000) in paragraph at lines 193--194
\OT1/cmr/m/n/12 startup and
 []


Underfull \hbox (badness 10000) in paragraph at lines 194--195
\OT1/cmr/m/n/12 com-mer-cial-iza-
 []


Underfull \hbox (badness 10000) in paragraph at lines 194--195
\OT1/cmr/m/n/12 tion track-ing
 []


Underfull \hbox (badness 10000) in paragraph at lines 196--197
[]\OT1/cmr/m/n/12 Revenue
 []


Underfull \hbox (badness 10000) in paragraph at lines 198--199
[]\OT1/cmr/m/n/12 Institutional
 []


Underfull \hbox (badness 10000) in paragraph at lines 199--200
[]\OT1/cmr/m/n/12 Transparent,
 []


Underfull \hbox (badness 10000) in paragraph at lines 199--200
\OT1/cmr/m/n/12 tiered dis-tri-
 []


Underfull \hbox (badness 10000) in paragraph at lines 199--200
\OT1/cmr/m/n/12 bu-tion (MIT,
 []


Underfull \hbox (badness 10000) in paragraph at lines 200--201
\OT1/cmr/m/n/12 ing/reporting
 []


Overfull \hbox (45.54877pt too wide) in paragraph at lines 156--203
 [][] 
 []

[24] [25] [26]
Overfull \hbox (3.77525pt too wide) in paragraph at lines 222--222
[]\OT1/cmr/bx/n/17.28 Rationale for Im-ple-ment-ing Dig-i-tal So-lu-tions
 []

[27] [28] [29] [30] [31]) [32]
\openout2 = `chapter_3.aux'.

 (chapter_3.tex
Chapter 3.
[33




] [34]
Underfull \hbox (badness 1331) in paragraph at lines 41--42
[]\OT1/cmr/m/n/12 UI/UX de-sign and sys-tem di-a-
 []


Overfull \hbox (24.47655pt too wide) in paragraph at lines 33--50
[][] 
 []

[35] [36]
Overfull \hbox (24.47655pt too wide) in paragraph at lines 87--98
[][] 
 []

[37]
Overfull \hbox (12.47653pt too wide) in paragraph at lines 126--135
 [][] 
 []

[38]
Overfull \hbox (12.47653pt too wide) in paragraph at lines 147--160
 [][] 
 []


Overfull \hbox (12.47653pt too wide) in paragraph at lines 172--183
 [][] 
 []


Overfull \hbox (12.47653pt too wide) in paragraph at lines 195--204
 [][] 
 []

[39]
Overfull \hbox (12.47653pt too wide) in paragraph at lines 216--227
 [][] 
 []


Overfull \hbox (12.47653pt too wide) in paragraph at lines 239--248
 [][] 
 []


Underfull \hbox (badness 1194) in paragraph at lines 266--267
[]\OT1/cmr/m/n/12 The sys-tem SHALL up-date records when dis-crep-an-cies with
 []


Overfull \hbox (12.47653pt too wide) in paragraph at lines 260--271
 [][] 
 []

[40]
Overfull \hbox (12.47653pt too wide) in paragraph at lines 283--294
 [][] 
 []


Overfull \hbox (12.47653pt too wide) in paragraph at lines 308--317
 [][] 
 []


Overfull \hbox (12.47653pt too wide) in paragraph at lines 329--340
 [][] 
 []

[41]
Overfull \hbox (12.47653pt too wide) in paragraph at lines 352--363
 [][] 
 []


Overfull \hbox (12.47653pt too wide) in paragraph at lines 375--390
 [][] 
 []


Overfull \hbox (12.47653pt too wide) in paragraph at lines 402--417
 [][] 
 []

[42]
Overfull \hbox (12.47653pt too wide) in paragraph at lines 429--442
 [][] 
 []

<figures/context_model.png, id=518, 1150.2975pt x 580.41844pt>
File: figures/context_model.png Graphic file (type png)
<use figures/context_model.png>
Package pdftex.def Info: figures/context_model.png  used on input line 453.
(pdftex.def)             Requested size: 402.61017pt x 203.14949pt.
[43] [44 <./figures/context_model.png (PNG copy)>]
<figures/db_design.png, id=532, 877.2775pt x 549.05125pt>
File: figures/db_design.png Graphic file (type png)
<use figures/db_design.png>
Package pdftex.def Info: figures/db_design.png  used on input line 476.
(pdftex.def)             Requested size: 438.63768pt x 274.52495pt.

Overfull \hbox (23.08519pt too wide) in paragraph at lines 476--477
 [][] 
 []

[45]
<figures/uc_guest.png, id=538, 472.76625pt x 214.8025pt>
File: figures/uc_guest.png Graphic file (type png)
<use figures/uc_guest.png>
Package pdftex.def Info: figures/uc_guest.png  used on input line 486.
(pdftex.def)             Requested size: 330.93411pt x 150.36072pt.
 [46 <./figures/db_design.png (PNG copy)>]
<figures/uc_official.png, id=543, 678.535pt x 214.8025pt>
File: figures/uc_official.png Graphic file (type png)
<use figures/uc_official.png>
Package pdftex.def Info: figures/uc_official.png  used on input line 493.
(pdftex.def)             Requested size: 474.97125pt x 150.36072pt.

Overfull \hbox (59.41876pt too wide) in paragraph at lines 493--494
 [][] 
 []

<figures/uc_techgen.png, id=546, 495.8525pt x 563.10374pt>
File: figures/uc_techgen.png Graphic file (type png)
<use figures/uc_techgen.png>
Package pdftex.def Info: figures/uc_techgen.png  used on input line 502.
(pdftex.def)             Requested size: 347.09438pt x 394.16994pt.
[47 <./figures/uc_guest.png (PNG copy)> <./figures/uc_official.png (PNG copy)>]
<figures/uc_admin.png, id=552, 1593.955pt x 204.765pt>
File: figures/uc_admin.png Graphic file (type png)
<use figures/uc_admin.png>
Package pdftex.def Info: figures/uc_admin.png  used on input line 511.
(pdftex.def)             Requested size: 478.1902pt x 61.42996pt.

Overfull \hbox (62.63771pt too wide) in paragraph at lines 511--512
 [][] 
 []

[48 <./figures/uc_techgen.png (PNG copy)>]
<figures/general_sequenceA.png, id=558, 842.39719pt x 817.55438pt>
File: figures/general_sequenceA.png Graphic file (type png)
<use figures/general_sequenceA.png>
Package pdftex.def Info: figures/general_sequenceA.png  used on input line 524.

(pdftex.def)             Requested size: 421.19756pt x 408.7762pt.

Overfull \hbox (5.64507pt too wide) in paragraph at lines 524--525
 [][] 
 []

[49 <./figures/uc_admin.png (PNG copy)>]
<figures/general_sequenceB.png, id=565, 842.39719pt x 699.36281pt>
File: figures/general_sequenceB.png Graphic file (type png)
<use figures/general_sequenceB.png>
Package pdftex.def Info: figures/general_sequenceB.png  used on input line 531.

(pdftex.def)             Requested size: 421.19756pt x 349.68054pt.

Overfull \hbox (5.64507pt too wide) in paragraph at lines 531--532
 [][] 
 []

[50 <./figures/general_sequenceA.png>]

LaTeX Warning: Reference `fig:gen_seqB' on page 51 undefined on input line 536.



LaTeX Warning: Reference `fig:gen_seqB' on page 51 undefined on input line 541.


<figures/tm_sequence.png, id=573, 1051.93pt x 1458.44875pt>
File: figures/tm_sequence.png Graphic file (type png)
<use figures/tm_sequence.png>
Package pdftex.def Info: figures/tm_sequence.png  used on input line 544.
(pdftex.def)             Requested size: 368.18102pt x 510.46472pt.
[51 <./figures/general_sequenceB.png>] [52]
<figures/um_id_sequence.png, id=584, 1078.0275pt x 1426.32875pt>
File: figures/um_id_sequence.png Graphic file (type png)
<use figures/um_id_sequence.png>
Package pdftex.def Info: figures/um_id_sequence.png  used on input line 551.
(pdftex.def)             Requested size: 377.31528pt x 499.22255pt.
 [53 <./figures/tm_sequence.png (PNG copy)>]
<figures/patent_sequence.png, id=589, 1110.1475pt x 1410.26875pt>
File: figures/patent_sequence.png Graphic file (type png)
<use figures/patent_sequence.png>
Package pdftex.def Info: figures/patent_sequence.png  used on input line 558.
(pdftex.def)             Requested size: 388.55745pt x 493.60146pt.
 [54 <./figures/um_id_sequence.png (PNG copy)>]
<figures/copyright_sequenceA.png, id=594, 897.3525pt x 1112.65688pt>
File: figures/copyright_sequenceA.png Graphic file (type png)
<use figures/copyright_sequenceA.png>
Package pdftex.def Info: figures/copyright_sequenceA.png  used on input line 56
7.
(pdftex.def)             Requested size: 448.67514pt x 556.32709pt.

Overfull \hbox (33.12265pt too wide) in paragraph at lines 567--568
 [][] 
 []

<figures/copyright_sequenceB.png, id=595, 897.3525pt x 948.54375pt>
File: figures/copyright_sequenceB.png Graphic file (type png)
<use figures/copyright_sequenceB.png>
Package pdftex.def Info: figures/copyright_sequenceB.png  used on input line 57
3.
(pdftex.def)             Requested size: 448.67514pt x 474.2707pt.

Overfull \hbox (33.12265pt too wide) in paragraph at lines 573--574
 [][] 
 []

[55 <./figures/patent_sequence.png (PNG copy)>] [56 <./figures/copyright_sequen
ceA.png>] [57 <./figures/copyright_sequenceB.png>] [58]) [59] (main.bbl
[60



]
Underfull \hbox (badness 1132) in paragraph at lines 333--342
\OT1/cmr/m/it/12 (phil.).  \OT1/cmr/m/n/12 (2009b).  []$\OT1/cmtt/m/n/12 https 
:// www [] .dost [] .gov [] .ph / knowledge [] -resources /
 []


Underfull \hbox (badness 10000) in paragraph at lines 333--342
\OT1/cmtt/m/n/12 2014 [] -04 [] -27 [] -01 [] -59 [] -53 / republic [] -acts / 
file / 288 [] -republic [] -act [] -no []
 []


Underfull \hbox (badness 1122) in paragraph at lines 399--412
\OT1/cmr/m/it/12 book-let.  \OT1/cmr/m/n/12 Re-trieved from []$\OT1/cmtt/m/n/12
 https :// innovation [] .ox [] .ac [] .uk / wp [] -content /
 []


Underfull \hbox (badness 10000) in paragraph at lines 399--412
\OT1/cmtt/m/n/12 uploads / 2014 / 04 / IP [] -Patents [] -and [] -Licences [] -
Researcher [] -Booklet []
 []

) [61] (main.aux (title_page.aux) (chapter_1.aux) (chapter_2.aux)
(chapter_3.aux))
 ***********
LaTeX2e <2023-11-01> patch level 1
L3 programming layer <2024-01-04>
 ***********


LaTeX Warning: There were undefined references.

Package rerunfilecheck Info: File `main.out' has not changed.
(rerunfilecheck)             Checksum: DF794744D8E1B5A08BDEFBFCBB52C113;7925.
 ) 
Here is how much of TeX's memory you used:
 14850 strings out of 474485
 240405 string characters out of 5744206
 1942542 words of memory out of 5000000
 36679 multiletter control sequences out of 15000+600000
 566628 words of font info for 68 fonts, out of 8000000 for 9000
 1143 hyphenation exceptions out of 8191
 80i,11n,82p,1575b,699s stack positions out of 10000i,1000n,20000p,200000b,200000s
 <C:\Users\dell\AppData\Local\MiKTeX\fonts/pk/ljfour/jknappen/ec/dpi600\tcrm1
200.pk><C:/Users/dell/AppData/Local/Programs/MiKTeX/fonts/type1/public/amsfonts
/cm/cmbx12.pfb><C:/Users/dell/AppData/Local/Programs/MiKTeX/fonts/type1/public/
amsfonts/cm/cmcsc10.pfb><C:/Users/dell/AppData/Local/Programs/MiKTeX/fonts/type
1/public/amsfonts/cm/cmr12.pfb><C:/Users/dell/AppData/Local/Programs/MiKTeX/fon
ts/type1/public/amsfonts/cm/cmti12.pfb><C:/Users/dell/AppData/Local/Programs/Mi
KTeX/fonts/type1/public/amsfonts/cm/cmtt12.pfb>
Output written on main.pdf (67 pages, 1413740 bytes).
PDF statistics:
 749 PDF objects out of 1000 (max. 8388607)
 205 named destinations out of 1000 (max. 500000)
 388 words of extra memory for PDF output out of 10000 (max. 10000000)

